2026-05-08 12:42:30,703 p=74852 u=onizuka n=ansible_compat.runtime WARNING| Skipped installing collection dependencies due to running in offline mode.
2026-05-08 12:42:57,813 p=75211 u=onizuka n=ansible_compat.runtime WARNING| Skipped installing collection dependencies due to running in offline mode.
2026-05-08 12:43:11,243 p=75339 u=onizuka n=ansible_compat.runtime WARNING| Skipped installing collection dependencies due to running in offline mode.
2026-05-08 12:43:26,638 p=75487 u=onizuka n=ansible_compat.runtime WARNING| Skipped installing collection dependencies due to running in offline mode.
2026-05-08 12:43:41,660 p=75625 u=onizuka n=ansible_compat.runtime WARNING| Skipped installing collection dependencies due to running in offline mode.
2026-05-08 12:43:44,755 p=75679 u=onizuka n=ansible_compat.runtime WARNING| Skipped installing collection dependencies due to running in offline mode.
2026-05-08 12:44:24,537 p=75994 u=onizuka n=ansible_compat.runtime WARNING| Skipped installing collection dependencies due to running in offline mode.
2026-05-08 12:44:58,195 p=76268 u=onizuka n=ansible_compat.runtime WARNING| Skipped installing collection dependencies due to running in offline mode.
2026-05-08 12:44:58,694 p=76314 u=onizuka n=ansible WARNING| [WARNING]: provided hosts list is empty, only localhost is available. Note that
the implicit localhost does not match 'all'

2026-05-08 12:44:58,768 p=76314 u=onizuka n=ansible INFO| playbook: playbooks/install_opencode.yml
2026-05-08 12:44:59,265 p=76324 u=onizuka n=ansible INFO| {
    "ansible.builtin.runas": "Run As user",
    "ansible.builtin.su": "Substitute User",
    "ansible.builtin.sudo": "Substitute User DO"
}
2026-05-08 12:45:25,702 p=76535 u=onizuka n=ansible_compat.runtime WARNING| Skipped installing collection dependencies due to running in offline mode.
2026-05-08 12:45:26,171 p=76564 u=onizuka n=ansible WARNING| [WARNING]: provided hosts list is empty, only localhost is available. Note that
the implicit localhost does not match 'all'

2026-05-08 12:45:26,227 p=76564 u=onizuka n=ansible INFO| playbook: playbooks/install_opencode.yml
2026-05-08 12:45:26,710 p=76568 u=onizuka n=ansible INFO| {
    "ansible.builtin.runas": "Run As user",
    "ansible.builtin.su": "Substitute User",
    "ansible.builtin.sudo": "Substitute User DO"
}
2026-05-08 12:45:49,000 p=76746 u=onizuka n=ansible_compat.runtime WARNING| Skipped installing collection dependencies due to running in offline mode.
2026-05-08 12:45:53,798 p=76842 u=onizuka n=ansible_compat.runtime WARNING| Skipped installing collection dependencies due to running in offline mode.
2026-05-08 12:46:38,218 p=77191 u=onizuka n=ansible_compat.runtime WARNING| Skipped installing collection dependencies due to running in offline mode.
2026-05-08 12:47:59,740 p=77880 u=onizuka n=ansible_compat.runtime WARNING| Skipped installing collection dependencies due to running in offline mode.
2026-05-08 12:48:00,292 p=77923 u=onizuka n=ansible INFO| {
    "ansible.builtin.runas": "Run As user",
    "ansible.builtin.su": "Substitute User",
    "ansible.builtin.sudo": "Substitute User DO"
}
2026-05-08 12:55:25,990 p=81209 u=onizuka n=ansible_compat.runtime WARNING| Skipped installing collection dependencies due to running in offline mode.
2026-05-08 12:55:26,597 p=81250 u=onizuka n=ansible INFO| {
    "ansible.builtin.runas": "Run As user",
    "ansible.builtin.su": "Substitute User",
    "ansible.builtin.sudo": "Substitute User DO"
}
2026-05-08 12:57:56,069 p=82297 u=onizuka n=ansible_compat.runtime WARNING| Skipped installing collection dependencies due to running in offline mode.
2026-05-08 12:57:56,252 p=82297 u=onizuka n=ansiblelint.runner ERROR| Loading playbooks/install_opencode.yml caused an AnsibleParserError exception: We were unable to read either as JSON nor YAML, these are the errors we got from each:
JSON: Expecting value: line 1 column 1 (char 0)

Syntax Error while loading YAML.
  mapping values are not allowed in this context. mapping values are not allowed in this context
  in "<unicode string>", line 7, column 10

The error appears to be in '/home/onizuka/Documents/ansible/playbooks/install_opencode.yml': line 7, column 10, but may
be elsewhere in the file depending on the exact syntax problem.

The offending line appears to be:


    roles:
         ^ here
, file was ignored.
Traceback (most recent call last):
  File "/home/onizuka/.local/share/pipx/venvs/ansible-lint/lib/python3.12/site-packages/ansible/parsing/utils/yaml.py", line 70, in from_yaml
    new_data = json.loads(data, cls=AnsibleJSONDecoder)
               ^^^^^^^^^^^^^^^^^^^^^^^^^^^^^^^^^^^^^^^^
  File "/usr/lib/python3.12/json/__init__.py", line 359, in loads
    return cls(**kw).decode(s)
           ^^^^^^^^^^^^^^^^^^^
  File "/usr/lib/python3.12/json/decoder.py", line 337, in decode
    obj, end = self.raw_decode(s, idx=_w(s, 0).end())
               ^^^^^^^^^^^^^^^^^^^^^^^^^^^^^^^^^^^^^^
  File "/usr/lib/python3.12/json/decoder.py", line 355, in raw_decode
    raise JSONDecodeError("Expecting value", s, err.value) from None
json.decoder.JSONDecodeError: Expecting value: line 1 column 1 (char 0)

During handling of the above exception, another exception occurred:

Traceback (most recent call last):
  File "/home/onizuka/.local/share/pipx/venvs/ansible-lint/lib/python3.12/site-packages/ansible/parsing/utils/yaml.py", line 78, in from_yaml
    new_data = _safe_load(data, file_name=file_name, vault_secrets=vault_secrets)
               ^^^^^^^^^^^^^^^^^^^^^^^^^^^^^^^^^^^^^^^^^^^^^^^^^^^^^^^^^^^^^^^^^^
  File "/home/onizuka/.local/share/pipx/venvs/ansible-lint/lib/python3.12/site-packages/ansible/parsing/utils/yaml.py", line 49, in _safe_load
    return loader.get_single_data()
           ^^^^^^^^^^^^^^^^^^^^^^^^
  File "/home/onizuka/.local/share/pipx/venvs/ansible-lint/lib/python3.12/site-packages/yaml/constructor.py", line 49, in get_single_data
    node = self.get_single_node()
           ^^^^^^^^^^^^^^^^^^^^^^
  File "yaml/_yaml.pyx", line 673, in yaml._yaml.CParser.get_single_node
  File "yaml/_yaml.pyx", line 687, in yaml._yaml.CParser._compose_document
  File "yaml/_yaml.pyx", line 729, in yaml._yaml.CParser._compose_node
  File "yaml/_yaml.pyx", line 806, in yaml._yaml.CParser._compose_sequence_node
  File "yaml/_yaml.pyx", line 731, in yaml._yaml.CParser._compose_node
  File "yaml/_yaml.pyx", line 847, in yaml._yaml.CParser._compose_mapping_node
  File "yaml/_yaml.pyx", line 860, in yaml._yaml.CParser._parse_next_event
yaml.scanner.ScannerError: mapping values are not allowed in this context
  in "<unicode string>", line 7, column 10

During handling of the above exception, another exception occurred:

Traceback (most recent call last):
  File "/home/onizuka/.local/share/pipx/venvs/ansible-lint/lib/python3.12/site-packages/ansiblelint/runner.py", line 500, in find_children
    playbook_ds = ansiblelint.utils.parse_yaml_from_file(str(lintable.path))
                  ^^^^^^^^^^^^^^^^^^^^^^^^^^^^^^^^^^^^^^^^^^^^^^^^^^^^^^^^^^
  File "/home/onizuka/.local/share/pipx/venvs/ansible-lint/lib/python3.12/site-packages/ansiblelint/utils.py", line 107, in parse_yaml_from_file
    return dataloader.load_from_file(filepath)
           ^^^^^^^^^^^^^^^^^^^^^^^^^^^^^^^^^^^
  File "/home/onizuka/.local/share/pipx/venvs/ansible-lint/lib/python3.12/site-packages/ansible/parsing/dataloader.py", line 105, in load_from_file
    parsed_data = self.load(data=file_data, file_name=file_name, show_content=show_content, json_only=json_only)
                  ^^^^^^^^^^^^^^^^^^^^^^^^^^^^^^^^^^^^^^^^^^^^^^^^^^^^^^^^^^^^^^^^^^^^^^^^^^^^^^^^^^^^^^^^^^^^^^
  File "/home/onizuka/.local/share/pipx/venvs/ansible-lint/lib/python3.12/site-packages/ansible/parsing/dataloader.py", line 78, in load
    return from_yaml(data, file_name, show_content, self._vault.secrets, json_only=json_only)
           ^^^^^^^^^^^^^^^^^^^^^^^^^^^^^^^^^^^^^^^^^^^^^^^^^^^^^^^^^^^^^^^^^^^^^^^^^^^^^^^^^^
  File "/home/onizuka/.local/share/pipx/venvs/ansible-lint/lib/python3.12/site-packages/ansible/parsing/utils/yaml.py", line 80, in from_yaml
    _handle_error(json_exc, yaml_exc, file_name, show_content)
  File "/home/onizuka/.local/share/pipx/venvs/ansible-lint/lib/python3.12/site-packages/ansible/parsing/utils/yaml.py", line 41, in _handle_error
    raise AnsibleParserError(n_err_msg, obj=err_obj, show_content=show_content, orig_exc=yaml_exc)
ansible.errors.AnsibleParserError: We were unable to read either as JSON nor YAML, these are the errors we got from each:
JSON: Expecting value: line 1 column 1 (char 0)

Syntax Error while loading YAML.
  mapping values are not allowed in this context. mapping values are not allowed in this context
  in "<unicode string>", line 7, column 10

The error appears to be in '/home/onizuka/Documents/ansible/playbooks/install_opencode.yml': line 7, column 10, but may
be elsewhere in the file depending on the exact syntax problem.

The offending line appears to be:


    roles:
         ^ here

2026-05-08 12:58:14,474 p=82572 u=onizuka n=ansible_compat.runtime WARNING| Skipped installing collection dependencies due to running in offline mode.
2026-05-08 12:58:23,187 p=82670 u=onizuka n=ansible_compat.runtime WARNING| Skipped installing collection dependencies due to running in offline mode.
2026-05-08 12:58:23,797 p=82694 u=onizuka n=ansible INFO| {
    "ansible.builtin.runas": "Run As user",
    "ansible.builtin.su": "Substitute User",
    "ansible.builtin.sudo": "Substitute User DO"
}
2026-05-08 12:58:51,932 p=82915 u=onizuka n=ansible_compat.runtime WARNING| Skipped installing collection dependencies due to running in offline mode.
2026-05-08 12:58:52,129 p=82915 u=onizuka n=ansiblelint.runner ERROR| Loading roles/opencode/tasks/install.yml caused an AnsibleParserError exception: We were unable to read either as JSON nor YAML, these are the errors we got from each:
JSON: Expecting value: line 1 column 1 (char 0)

Syntax Error while loading YAML.
  did not find expected key. while parsing a block mapping
  in "<unicode string>", line 3, column 5
did not find expected key
  in "<unicode string>", line 9, column 5

The error appears to be in '/home/onizuka/Documents/ansible/roles/opencode/tasks/install.yml': line 9, column 5, but may
be elsewhere in the file depending on the exact syntax problem.

The offending line appears to be:


    - name: Get target user account information
    ^ here
, file was ignored.
Traceback (most recent call last):
  File "/home/onizuka/.local/share/pipx/venvs/ansible-lint/lib/python3.12/site-packages/ansible/parsing/utils/yaml.py", line 70, in from_yaml
    new_data = json.loads(data, cls=AnsibleJSONDecoder)
               ^^^^^^^^^^^^^^^^^^^^^^^^^^^^^^^^^^^^^^^^
  File "/usr/lib/python3.12/json/__init__.py", line 359, in loads
    return cls(**kw).decode(s)
           ^^^^^^^^^^^^^^^^^^^
  File "/usr/lib/python3.12/json/decoder.py", line 337, in decode
    obj, end = self.raw_decode(s, idx=_w(s, 0).end())
               ^^^^^^^^^^^^^^^^^^^^^^^^^^^^^^^^^^^^^^
  File "/usr/lib/python3.12/json/decoder.py", line 355, in raw_decode
    raise JSONDecodeError("Expecting value", s, err.value) from None
json.decoder.JSONDecodeError: Expecting value: line 1 column 1 (char 0)

During handling of the above exception, another exception occurred:

Traceback (most recent call last):
  File "/home/onizuka/.local/share/pipx/venvs/ansible-lint/lib/python3.12/site-packages/ansible/parsing/utils/yaml.py", line 78, in from_yaml
    new_data = _safe_load(data, file_name=file_name, vault_secrets=vault_secrets)
               ^^^^^^^^^^^^^^^^^^^^^^^^^^^^^^^^^^^^^^^^^^^^^^^^^^^^^^^^^^^^^^^^^^
  File "/home/onizuka/.local/share/pipx/venvs/ansible-lint/lib/python3.12/site-packages/ansible/parsing/utils/yaml.py", line 49, in _safe_load
    return loader.get_single_data()
           ^^^^^^^^^^^^^^^^^^^^^^^^
  File "/home/onizuka/.local/share/pipx/venvs/ansible-lint/lib/python3.12/site-packages/yaml/constructor.py", line 49, in get_single_data
    node = self.get_single_node()
           ^^^^^^^^^^^^^^^^^^^^^^
  File "yaml/_yaml.pyx", line 673, in yaml._yaml.CParser.get_single_node
  File "yaml/_yaml.pyx", line 687, in yaml._yaml.CParser._compose_document
  File "yaml/_yaml.pyx", line 729, in yaml._yaml.CParser._compose_node
  File "yaml/_yaml.pyx", line 806, in yaml._yaml.CParser._compose_sequence_node
  File "yaml/_yaml.pyx", line 731, in yaml._yaml.CParser._compose_node
  File "yaml/_yaml.pyx", line 845, in yaml._yaml.CParser._compose_mapping_node
  File "yaml/_yaml.pyx", line 731, in yaml._yaml.CParser._compose_node
  File "yaml/_yaml.pyx", line 847, in yaml._yaml.CParser._compose_mapping_node
  File "yaml/_yaml.pyx", line 860, in yaml._yaml.CParser._parse_next_event
yaml.parser.ParserError: while parsing a block mapping
  in "<unicode string>", line 3, column 5
did not find expected key
  in "<unicode string>", line 9, column 5

During handling of the above exception, another exception occurred:

Traceback (most recent call last):
  File "/home/onizuka/.local/share/pipx/venvs/ansible-lint/lib/python3.12/site-packages/ansiblelint/runner.py", line 500, in find_children
    playbook_ds = ansiblelint.utils.parse_yaml_from_file(str(lintable.path))
                  ^^^^^^^^^^^^^^^^^^^^^^^^^^^^^^^^^^^^^^^^^^^^^^^^^^^^^^^^^^
  File "/home/onizuka/.local/share/pipx/venvs/ansible-lint/lib/python3.12/site-packages/ansiblelint/utils.py", line 107, in parse_yaml_from_file
    return dataloader.load_from_file(filepath)
           ^^^^^^^^^^^^^^^^^^^^^^^^^^^^^^^^^^^
  File "/home/onizuka/.local/share/pipx/venvs/ansible-lint/lib/python3.12/site-packages/ansible/parsing/dataloader.py", line 105, in load_from_file
    parsed_data = self.load(data=file_data, file_name=file_name, show_content=show_content, json_only=json_only)
                  ^^^^^^^^^^^^^^^^^^^^^^^^^^^^^^^^^^^^^^^^^^^^^^^^^^^^^^^^^^^^^^^^^^^^^^^^^^^^^^^^^^^^^^^^^^^^^^
  File "/home/onizuka/.local/share/pipx/venvs/ansible-lint/lib/python3.12/site-packages/ansible/parsing/dataloader.py", line 78, in load
    return from_yaml(data, file_name, show_content, self._vault.secrets, json_only=json_only)
           ^^^^^^^^^^^^^^^^^^^^^^^^^^^^^^^^^^^^^^^^^^^^^^^^^^^^^^^^^^^^^^^^^^^^^^^^^^^^^^^^^^
  File "/home/onizuka/.local/share/pipx/venvs/ansible-lint/lib/python3.12/site-packages/ansible/parsing/utils/yaml.py", line 80, in from_yaml
    _handle_error(json_exc, yaml_exc, file_name, show_content)
  File "/home/onizuka/.local/share/pipx/venvs/ansible-lint/lib/python3.12/site-packages/ansible/parsing/utils/yaml.py", line 41, in _handle_error
    raise AnsibleParserError(n_err_msg, obj=err_obj, show_content=show_content, orig_exc=yaml_exc)
ansible.errors.AnsibleParserError: We were unable to read either as JSON nor YAML, these are the errors we got from each:
JSON: Expecting value: line 1 column 1 (char 0)

Syntax Error while loading YAML.
  did not find expected key. while parsing a block mapping
  in "<unicode string>", line 3, column 5
did not find expected key
  in "<unicode string>", line 9, column 5

The error appears to be in '/home/onizuka/Documents/ansible/roles/opencode/tasks/install.yml': line 9, column 5, but may
be elsewhere in the file depending on the exact syntax problem.

The offending line appears to be:


    - name: Get target user account information
    ^ here

2026-05-08 12:59:04,237 p=83047 u=onizuka n=ansible_compat.runtime WARNING| Skipped installing collection dependencies due to running in offline mode.
2026-05-08 12:59:04,842 p=83084 u=onizuka n=ansible INFO| {
    "ansible.builtin.runas": "Run As user",
    "ansible.builtin.su": "Substitute User",
    "ansible.builtin.sudo": "Substitute User DO"
}
2026-05-08 13:01:09,066 p=83987 u=onizuka n=ansible_compat.runtime WARNING| Skipped installing collection dependencies due to running in offline mode.
2026-05-08 13:01:09,667 p=84029 u=onizuka n=ansible INFO| {
    "ansible.builtin.runas": "Run As user",
    "ansible.builtin.su": "Substitute User",
    "ansible.builtin.sudo": "Substitute User DO"
}
2026-05-08 13:01:39,500 p=84247 u=onizuka n=ansible_compat.runtime WARNING| Skipped installing collection dependencies due to running in offline mode.
2026-05-08 13:01:39,944 p=84289 u=onizuka n=ansible WARNING| [WARNING]: provided hosts list is empty, only localhost is available. Note that
the implicit localhost does not match 'all'

2026-05-08 13:01:39,999 p=84289 u=onizuka n=ansible WARNING| [WARNING]: file /home/onizuka/Documents/ansible/roles/opencode/tasks/verify.yml
is empty and had no tasks to include

2026-05-08 13:01:40,000 p=84289 u=onizuka n=ansible INFO| playbook: playbooks/install_opencode.yml
2026-05-08 13:01:40,415 p=84293 u=onizuka n=ansible INFO| {
    "ansible.builtin.runas": "Run As user",
    "ansible.builtin.su": "Substitute User",
    "ansible.builtin.sudo": "Substitute User DO"
}
2026-05-08 13:01:40,453 p=84247 u=onizuka n=ansiblelint._internal.rules WARNING| Ignored exception from RoleNames.matchyaml while processing roles/opencode/meta/main.yml (meta): 'NoneType' object has no attribute 'get'
2026-05-08 13:01:40,461 p=84247 u=onizuka n=ansiblelint._internal.rules WARNING| Ignored exception from ComplexityRule.matchyaml while processing playbooks/install_opencode.yml (playbook): object of type 'NoneType' has no len()
2026-05-08 13:01:46,734 p=84346 u=onizuka n=ansible_compat.runtime WARNING| Skipped installing collection dependencies due to running in offline mode.
2026-05-08 13:01:47,193 p=84371 u=onizuka n=ansible WARNING| [WARNING]: provided hosts list is empty, only localhost is available. Note that
the implicit localhost does not match 'all'

2026-05-08 13:01:47,252 p=84371 u=onizuka n=ansible WARNING| [WARNING]: file /home/onizuka/Documents/ansible/roles/opencode/tasks/verify.yml
is empty and had no tasks to include

2026-05-08 13:01:47,252 p=84371 u=onizuka n=ansible INFO| playbook: playbooks/install_opencode.yml
2026-05-08 13:01:47,673 p=84375 u=onizuka n=ansible INFO| {
    "ansible.builtin.runas": "Run As user",
    "ansible.builtin.su": "Substitute User",
    "ansible.builtin.sudo": "Substitute User DO"
}
2026-05-08 13:01:47,734 p=84346 u=onizuka n=ansiblelint._internal.rules WARNING| Ignored exception from RoleNames.matchyaml while processing roles/opencode/meta/main.yml (meta): 'NoneType' object has no attribute 'get'
2026-05-08 13:03:08,994 p=84991 u=onizuka n=ansible_compat.runtime WARNING| Skipped installing collection dependencies due to running in offline mode.
2026-05-08 13:03:09,663 p=85035 u=onizuka n=ansible INFO| {
    "ansible.builtin.runas": "Run As user",
    "ansible.builtin.su": "Substitute User",
    "ansible.builtin.sudo": "Substitute User DO"
}
2026-05-08 13:03:20,866 p=85124 u=onizuka n=ansible_compat.runtime WARNING| Skipped installing collection dependencies due to running in offline mode.
2026-05-08 13:03:21,415 p=85160 u=onizuka n=ansible INFO| {
    "ansible.builtin.runas": "Run As user",
    "ansible.builtin.su": "Substitute User",
    "ansible.builtin.sudo": "Substitute User DO"
}
2026-05-08 13:03:22,139 p=85165 u=onizuka n=ansible_compat.runtime WARNING| Skipped installing collection dependencies due to running in offline mode.
2026-05-08 13:03:22,660 p=85201 u=onizuka n=ansible INFO| {
    "ansible.builtin.runas": "Run As user",
    "ansible.builtin.su": "Substitute User",
    "ansible.builtin.sudo": "Substitute User DO"
}
2026-05-08 13:04:11,550 p=85594 u=onizuka n=ansible_compat.runtime WARNING| Skipped installing collection dependencies due to running in offline mode.
2026-05-08 13:04:12,044 p=85625 u=onizuka n=ansible WARNING| [WARNING]: provided hosts list is empty, only localhost is available. Note that
the implicit localhost does not match 'all'

2026-05-08 13:04:12,109 p=85625 u=onizuka n=ansible INFO| playbook: playbooks/install_opencode.yml
2026-05-08 13:04:12,577 p=85629 u=onizuka n=ansible INFO| {
    "ansible.builtin.runas": "Run As user",
    "ansible.builtin.su": "Substitute User",
    "ansible.builtin.sudo": "Substitute User DO"
}
2026-05-08 13:04:12,622 p=85594 u=onizuka n=ansiblelint._internal.rules WARNING| Ignored exception from RoleNames.matchyaml while processing roles/opencode/meta/main.yml (meta): 'NoneType' object has no attribute 'get'
2026-05-08 13:06:39,573 p=86769 u=onizuka n=ansible_compat.runtime WARNING| Skipped installing collection dependencies due to running in offline mode.
2026-05-08 13:06:40,297 p=86801 u=onizuka n=ansible INFO| {
    "ansible.builtin.runas": "Run As user",
    "ansible.builtin.su": "Substitute User",
    "ansible.builtin.sudo": "Substitute User DO"
}
2026-05-08 13:07:47,335 p=87339 u=onizuka n=ansible_compat.runtime WARNING| Skipped installing collection dependencies due to running in offline mode.
2026-05-08 13:07:47,815 p=87376 u=onizuka n=ansible WARNING| [WARNING]: provided hosts list is empty, only localhost is available. Note that
the implicit localhost does not match 'all'

2026-05-08 13:07:47,871 p=87376 u=onizuka n=ansible INFO| playbook: playbooks/uninstall_opencode.yml
2026-05-08 13:07:48,340 p=87386 u=onizuka n=ansible INFO| {
    "ansible.builtin.runas": "Run As user",
    "ansible.builtin.su": "Substitute User",
    "ansible.builtin.sudo": "Substitute User DO"
}
2026-05-08 13:12:26,386 p=89696 u=onizuka n=ansible_compat.runtime WARNING| Skipped installing collection dependencies due to running in offline mode.
2026-05-08 13:13:26,741 p=90214 u=onizuka n=ansible_compat.runtime WARNING| Skipped installing collection dependencies due to running in offline mode.
2026-05-08 13:13:27,398 p=90247 u=onizuka n=ansible INFO| {
    "ansible.builtin.runas": "Run As user",
    "ansible.builtin.su": "Substitute User",
    "ansible.builtin.sudo": "Substitute User DO"
}
2026-05-08 13:14:09,368 p=90577 u=onizuka n=ansible_compat.runtime WARNING| Skipped installing collection dependencies due to running in offline mode.
2026-05-08 13:14:09,815 p=90609 u=onizuka n=ansible WARNING| [WARNING]: provided hosts list is empty, only localhost is available. Note that
the implicit localhost does not match 'all'

2026-05-08 13:14:09,868 p=90609 u=onizuka n=ansible WARNING| [WARNING]: file
/home/onizuka/Documents/ansible/roles/opencode/tasks/uninstall.yml is empty and
had no tasks to include

2026-05-08 13:14:09,871 p=90609 u=onizuka n=ansible INFO| playbook: playbooks/install_opencode.yml
2026-05-08 13:14:10,278 p=90613 u=onizuka n=ansible INFO| {
    "ansible.builtin.runas": "Run As user",
    "ansible.builtin.su": "Substitute User",
    "ansible.builtin.sudo": "Substitute User DO"
}
2026-05-08 13:14:10,343 p=90577 u=onizuka n=ansiblelint._internal.rules WARNING| Ignored exception from RoleNames.matchyaml while processing roles/opencode/meta/main.yml (meta): 'NoneType' object has no attribute 'get'
2026-05-08 13:14:32,522 p=90816 u=onizuka n=ansible_compat.runtime WARNING| Skipped installing collection dependencies due to running in offline mode.
2026-05-08 13:14:32,984 p=90854 u=onizuka n=ansible WARNING| [WARNING]: provided hosts list is empty, only localhost is available. Note that
the implicit localhost does not match 'all'

2026-05-08 13:14:33,003 p=90854 u=onizuka n=ansible WARNING| [WARNING]: While constructing a mapping from
/home/onizuka/Documents/ansible/playbooks/uninstall_opencode.yml, line 2,
column 3, found a duplicate dict key (vars). Using last defined value only.

2026-05-08 13:14:33,040 p=90854 u=onizuka n=ansible WARNING| [WARNING]: file
/home/onizuka/Documents/ansible/roles/opencode/tasks/uninstall.yml is empty and
had no tasks to include

2026-05-08 13:14:33,048 p=90854 u=onizuka n=ansible INFO| playbook: playbooks/uninstall_opencode.yml
2026-05-08 13:14:33,552 p=90859 u=onizuka n=ansible INFO| {
    "ansible.builtin.runas": "Run As user",
    "ansible.builtin.su": "Substitute User",
    "ansible.builtin.sudo": "Substitute User DO"
}
2026-05-08 13:14:33,623 p=90816 u=onizuka n=ansiblelint._internal.rules WARNING| Ignored exception from RoleNames.matchyaml while processing roles/opencode/meta/main.yml (meta): 'NoneType' object has no attribute 'get'
2026-05-08 13:14:33,692 p=90816 u=onizuka n=ansiblelint.runner WARNING| /home/onizuka/.local/share/pipx/venvs/ansible-lint/lib/python3.12/site-packages/ansible/parsing/yaml/constructor.py:74 AnsibleWarning While constructing a mapping from <unicode string>, line 2, column 3, found a duplicate dict key (vars). Using last defined value only.
2026-05-08 13:14:33,692 p=90816 u=onizuka n=ansiblelint.runner WARNING| /home/onizuka/.local/share/pipx/venvs/ansible-lint/lib/python3.12/site-packages/ansible/parsing/yaml/constructor.py:74 AnsibleWarning While constructing a mapping from /home/onizuka/Documents/ansible/playbooks/uninstall_opencode.yml, line 2, column 3, found a duplicate dict key (vars). Using last defined value only.
2026-05-08 13:19:35,855 p=93295 u=onizuka n=ansible_compat.runtime WARNING| Skipped installing collection dependencies due to running in offline mode.
2026-05-08 13:19:52,300 p=93515 u=onizuka n=ansible_compat.runtime WARNING| Skipped installing collection dependencies due to running in offline mode.
2026-05-08 13:19:53,985 p=93550 u=onizuka n=ansible_compat.runtime WARNING| Skipped installing collection dependencies due to running in offline mode.
2026-05-08 13:21:04,753 p=94142 u=onizuka n=ansible_compat.runtime WARNING| Skipped installing collection dependencies due to running in offline mode.
2026-05-08 13:21:32,486 p=94388 u=onizuka n=ansible_compat.runtime WARNING| Skipped installing collection dependencies due to running in offline mode.
2026-05-08 13:22:43,093 p=94963 u=onizuka n=ansible_compat.runtime WARNING| Skipped installing collection dependencies due to running in offline mode.
2026-05-08 13:22:43,615 p=95006 u=onizuka n=ansible WARNING| [WARNING]: provided hosts list is empty, only localhost is available. Note that
the implicit localhost does not match 'all'

2026-05-08 13:22:43,637 p=95006 u=onizuka n=ansible WARNING| [WARNING]: While constructing a mapping from
/home/onizuka/Documents/ansible/playbooks/uninstall_opencode.yml, line 2,
column 3, found a duplicate dict key (vars). Using last defined value only.

2026-05-08 13:22:43,676 p=95006 u=onizuka n=ansible WARNING| [WARNING]: file
/home/onizuka/Documents/ansible/roles/opencode/tasks/uninstall.yml is empty and
had no tasks to include

2026-05-08 13:22:43,683 p=95006 u=onizuka n=ansible INFO| playbook: playbooks/uninstall_opencode.yml
2026-05-08 13:22:44,178 p=95025 u=onizuka n=ansible INFO| {
    "ansible.builtin.runas": "Run As user",
    "ansible.builtin.su": "Substitute User",
    "ansible.builtin.sudo": "Substitute User DO"
}
2026-05-08 13:22:44,232 p=94963 u=onizuka n=ansiblelint._internal.rules WARNING| Ignored exception from RoleNames.matchyaml while processing roles/opencode/meta/main.yml (meta): 'NoneType' object has no attribute 'get'
2026-05-08 13:22:44,321 p=94963 u=onizuka n=ansiblelint.runner WARNING| /home/onizuka/.local/share/pipx/venvs/ansible-lint/lib/python3.12/site-packages/ansible/parsing/yaml/constructor.py:74 AnsibleWarning While constructing a mapping from <unicode string>, line 2, column 3, found a duplicate dict key (vars). Using last defined value only.
2026-05-08 13:22:44,321 p=94963 u=onizuka n=ansiblelint.runner WARNING| /home/onizuka/.local/share/pipx/venvs/ansible-lint/lib/python3.12/site-packages/ansible/parsing/yaml/constructor.py:74 AnsibleWarning While constructing a mapping from /home/onizuka/Documents/ansible/playbooks/uninstall_opencode.yml, line 2, column 3, found a duplicate dict key (vars). Using last defined value only.
2026-05-08 13:23:10,646 p=95237 u=onizuka n=ansible_compat.runtime WARNING| Skipped installing collection dependencies due to running in offline mode.
2026-05-08 13:23:11,251 p=95270 u=onizuka n=ansible INFO| {
    "ansible.builtin.runas": "Run As user",
    "ansible.builtin.su": "Substitute User",
    "ansible.builtin.sudo": "Substitute User DO"
}
2026-05-08 13:23:35,835 p=95482 u=onizuka n=ansible_compat.runtime WARNING| Skipped installing collection dependencies due to running in offline mode.
2026-05-08 13:23:36,399 p=95523 u=onizuka n=ansible INFO| {
    "ansible.builtin.runas": "Run As user",
    "ansible.builtin.su": "Substitute User",
    "ansible.builtin.sudo": "Substitute User DO"
}
2026-05-08 13:24:22,223 p=95872 u=onizuka n=ansible_compat.runtime WARNING| Skipped installing collection dependencies due to running in offline mode.
2026-05-08 13:24:22,797 p=95912 u=onizuka n=ansible INFO| {
    "ansible.builtin.runas": "Run As user",
    "ansible.builtin.su": "Substitute User",
    "ansible.builtin.sudo": "Substitute User DO"
}
2026-05-08 13:24:32,117 p=95999 u=onizuka n=ansible_compat.runtime WARNING| Skipped installing collection dependencies due to running in offline mode.
2026-05-08 13:24:32,663 p=96038 u=onizuka n=ansible INFO| {
    "ansible.builtin.runas": "Run As user",
    "ansible.builtin.su": "Substitute User",
    "ansible.builtin.sudo": "Substitute User DO"
}
2026-05-08 13:24:34,097 p=96044 u=onizuka n=ansible_compat.runtime WARNING| Skipped installing collection dependencies due to running in offline mode.
2026-05-08 13:24:34,627 p=96085 u=onizuka n=ansible INFO| {
    "ansible.builtin.runas": "Run As user",
    "ansible.builtin.su": "Substitute User",
    "ansible.builtin.sudo": "Substitute User DO"
}
2026-05-08 13:25:34,524 p=96667 u=onizuka n=ansible_compat.runtime WARNING| Skipped installing collection dependencies due to running in offline mode.
2026-05-08 13:25:40,055 p=96753 u=onizuka n=ansible_compat.runtime WARNING| Skipped installing collection dependencies due to running in offline mode.
2026-05-08 13:25:40,693 p=96777 u=onizuka n=ansible INFO| {
    "ansible.builtin.runas": "Run As user",
    "ansible.builtin.su": "Substitute User",
    "ansible.builtin.sudo": "Substitute User DO"
}
2026-05-08 13:25:58,167 p=96906 u=onizuka n=ansible_compat.runtime WARNING| Skipped installing collection dependencies due to running in offline mode.
2026-05-08 13:25:58,620 p=96950 u=onizuka n=ansible WARNING| [WARNING]: provided hosts list is empty, only localhost is available. Note that
the implicit localhost does not match 'all'

2026-05-08 13:25:58,683 p=96950 u=onizuka n=ansible INFO| playbook: playbooks/uninstall_opencode.yml
2026-05-08 13:25:59,112 p=96954 u=onizuka n=ansible INFO| {
    "ansible.builtin.runas": "Run As user",
    "ansible.builtin.su": "Substitute User",
    "ansible.builtin.sudo": "Substitute User DO"
}
2026-05-08 13:25:59,240 p=96906 u=onizuka n=ansiblelint._internal.rules WARNING| Ignored exception from RoleNames.matchyaml while processing roles/opencode/meta/main.yml (meta): 'NoneType' object has no attribute 'get'
2026-05-08 13:26:01,334 p=96969 u=onizuka n=ansible_compat.runtime WARNING| Skipped installing collection dependencies due to running in offline mode.
2026-05-08 13:26:01,796 p=97005 u=onizuka n=ansible WARNING| [WARNING]: provided hosts list is empty, only localhost is available. Note that
the implicit localhost does not match 'all'

2026-05-08 13:26:01,861 p=97005 u=onizuka n=ansible INFO| playbook: playbooks/uninstall_opencode.yml
2026-05-08 13:26:02,309 p=97009 u=onizuka n=ansible INFO| {
    "ansible.builtin.runas": "Run As user",
    "ansible.builtin.su": "Substitute User",
    "ansible.builtin.sudo": "Substitute User DO"
}
2026-05-08 13:26:02,543 p=96969 u=onizuka n=ansiblelint._internal.rules WARNING| Ignored exception from RoleNames.matchyaml while processing roles/opencode/meta/main.yml (meta): 'NoneType' object has no attribute 'get'
2026-05-08 13:30:22,466 p=98941 u=onizuka n=ansible_compat.runtime WARNING| Skipped installing collection dependencies due to running in offline mode.
2026-05-08 13:30:34,736 p=99063 u=onizuka n=ansible_compat.runtime WARNING| Skipped installing collection dependencies due to running in offline mode.
2026-05-08 13:31:27,349 p=99512 u=onizuka n=ansible_compat.runtime WARNING| Skipped installing collection dependencies due to running in offline mode.
2026-05-08 13:31:32,881 p=99615 u=onizuka n=ansible_compat.runtime WARNING| Skipped installing collection dependencies due to running in offline mode.
2026-05-08 13:31:37,806 p=99684 u=onizuka n=ansible_compat.runtime WARNING| Skipped installing collection dependencies due to running in offline mode.
2026-05-08 13:31:40,457 p=99733 u=onizuka n=ansible_compat.runtime WARNING| Skipped installing collection dependencies due to running in offline mode.
2026-05-08 13:31:42,179 p=99771 u=onizuka n=ansible_compat.runtime WARNING| Skipped installing collection dependencies due to running in offline mode.
2026-05-08 13:31:56,150 p=99900 u=onizuka n=ansible_compat.runtime WARNING| Skipped installing collection dependencies due to running in offline mode.
2026-05-08 13:31:56,657 p=99938 u=onizuka n=ansible WARNING| [WARNING]: provided hosts list is empty, only localhost is available. Note that
the implicit localhost does not match 'all'

2026-05-08 13:31:56,729 p=99938 u=onizuka n=ansible INFO| playbook: playbooks/install_opencode.yml
2026-05-08 13:31:57,174 p=99947 u=onizuka n=ansible INFO| {
    "ansible.builtin.runas": "Run As user",
    "ansible.builtin.su": "Substitute User",
    "ansible.builtin.sudo": "Substitute User DO"
}
2026-05-08 13:31:57,397 p=99900 u=onizuka n=ansiblelint._internal.rules WARNING| Ignored exception from RoleNames.matchyaml while processing roles/opencode/meta/main.yml (meta): 'NoneType' object has no attribute 'get'
2026-05-08 13:32:00,285 p=99985 u=onizuka n=ansible_compat.runtime WARNING| Skipped installing collection dependencies due to running in offline mode.
2026-05-08 13:32:00,814 p=100023 u=onizuka n=ansible WARNING| [WARNING]: provided hosts list is empty, only localhost is available. Note that
the implicit localhost does not match 'all'

2026-05-08 13:32:00,887 p=100023 u=onizuka n=ansible INFO| playbook: playbooks/uninstall_opencode.yml
2026-05-08 13:32:01,450 p=100027 u=onizuka n=ansible INFO| {
    "ansible.builtin.runas": "Run As user",
    "ansible.builtin.su": "Substitute User",
    "ansible.builtin.sudo": "Substitute User DO"
}
2026-05-08 13:32:01,515 p=99985 u=onizuka n=ansiblelint._internal.rules WARNING| Ignored exception from RoleNames.matchyaml while processing roles/opencode/meta/main.yml (meta): 'NoneType' object has no attribute 'get'
2026-05-08 13:32:04,655 p=100062 u=onizuka n=ansible_compat.runtime WARNING| Skipped installing collection dependencies due to running in offline mode.
2026-05-08 13:32:11,934 p=100158 u=onizuka n=ansible_compat.runtime WARNING| Skipped installing collection dependencies due to running in offline mode.
2026-05-08 13:32:39,493 p=100404 u=onizuka n=ansible_compat.runtime WARNING| Skipped installing collection dependencies due to running in offline mode.
2026-05-08 13:32:40,147 p=100432 u=onizuka n=ansible INFO| {
    "ansible.builtin.runas": "Run As user",
    "ansible.builtin.su": "Substitute User",
    "ansible.builtin.sudo": "Substitute User DO"
}
2026-05-08 13:33:03,248 p=100603 u=onizuka n=ansible_compat.runtime WARNING| Skipped installing collection dependencies due to running in offline mode.
2026-05-08 13:33:03,891 p=100656 u=onizuka n=ansible INFO| {
    "ansible.builtin.runas": "Run As user",
    "ansible.builtin.su": "Substitute User",
    "ansible.builtin.sudo": "Substitute User DO"
}
2026-05-08 13:33:24,695 p=100813 u=onizuka n=ansible_compat.runtime WARNING| Skipped installing collection dependencies due to running in offline mode.
2026-05-08 13:33:25,352 p=100855 u=onizuka n=ansible INFO| {
    "ansible.builtin.runas": "Run As user",
    "ansible.builtin.su": "Substitute User",
    "ansible.builtin.sudo": "Substitute User DO"
}
2026-05-08 13:37:24,376 p=102580 u=onizuka n=ansible_compat.runtime WARNING| Skipped installing collection dependencies due to running in offline mode.
2026-05-08 13:37:25,032 p=102612 u=onizuka n=ansible INFO| {
    "ansible.builtin.runas": "Run As user",
    "ansible.builtin.su": "Substitute User",
    "ansible.builtin.sudo": "Substitute User DO"
}
2026-05-08 13:37:27,512 p=102645 u=onizuka n=ansible_compat.runtime WARNING| Skipped installing collection dependencies due to running in offline mode.
2026-05-08 13:37:28,126 p=102681 u=onizuka n=ansible INFO| {
    "ansible.builtin.runas": "Run As user",
    "ansible.builtin.su": "Substitute User",
    "ansible.builtin.sudo": "Substitute User DO"
}
2026-05-08 13:42:54,597 p=105143 u=onizuka n=ansible_compat.runtime WARNING| Skipped installing collection dependencies due to running in offline mode.
2026-05-08 13:42:55,066 p=105182 u=onizuka n=ansible WARNING| [WARNING]: provided hosts list is empty, only localhost is available. Note that
the implicit localhost does not match 'all'

2026-05-08 13:42:55,091 p=105182 u=onizuka n=ansible INFO| playbook: playbooks/install_opencode.yml
2026-05-08 13:42:55,525 p=105191 u=onizuka n=ansible INFO| {
    "ansible.builtin.runas": "Run As user",
    "ansible.builtin.su": "Substitute User",
    "ansible.builtin.sudo": "Substitute User DO"
}
2026-05-08 13:42:55,743 p=105143 u=onizuka n=ansiblelint._internal.rules WARNING| Ignored exception from RoleNames.matchyaml while processing roles/opencode/meta/main.yml (meta): 'NoneType' object has no attribute 'get'
2026-05-08 13:44:10,208 p=105770 u=onizuka n=ansible_compat.runtime WARNING| Skipped installing collection dependencies due to running in offline mode.
2026-05-08 13:44:10,686 p=105801 u=onizuka n=ansible WARNING| [WARNING]: provided hosts list is empty, only localhost is available. Note that
the implicit localhost does not match 'all'

2026-05-08 13:44:10,711 p=105801 u=onizuka n=ansible INFO| playbook: playbooks/install_opencode.yml
2026-05-08 13:44:11,215 p=105805 u=onizuka n=ansible INFO| {
    "ansible.builtin.runas": "Run As user",
    "ansible.builtin.su": "Substitute User",
    "ansible.builtin.sudo": "Substitute User DO"
}
2026-05-08 13:44:11,438 p=105770 u=onizuka n=ansiblelint._internal.rules WARNING| Ignored exception from RoleNames.matchyaml while processing roles/opencode/meta/main.yml (meta): 'NoneType' object has no attribute 'get'
2026-05-08 13:44:13,482 p=105822 u=onizuka n=ansible_compat.runtime WARNING| Skipped installing collection dependencies due to running in offline mode.
2026-05-08 13:44:13,972 p=105858 u=onizuka n=ansible WARNING| [WARNING]: provided hosts list is empty, only localhost is available. Note that
the implicit localhost does not match 'all'

2026-05-08 13:44:13,998 p=105858 u=onizuka n=ansible INFO| playbook: playbooks/install_opencode.yml
2026-05-08 13:44:14,528 p=105862 u=onizuka n=ansible INFO| {
    "ansible.builtin.runas": "Run As user",
    "ansible.builtin.su": "Substitute User",
    "ansible.builtin.sudo": "Substitute User DO"
}
2026-05-08 13:44:14,678 p=105822 u=onizuka n=ansiblelint._internal.rules WARNING| Ignored exception from RoleNames.matchyaml while processing roles/opencode/meta/main.yml (meta): 'NoneType' object has no attribute 'get'
2026-05-08 13:44:16,494 p=105901 u=onizuka n=ansible_compat.runtime WARNING| Skipped installing collection dependencies due to running in offline mode.
2026-05-08 13:44:16,963 p=105929 u=onizuka n=ansible WARNING| [WARNING]: provided hosts list is empty, only localhost is available. Note that
the implicit localhost does not match 'all'

2026-05-08 13:44:16,987 p=105929 u=onizuka n=ansible INFO| playbook: playbooks/uninstall_opencode.yml
2026-05-08 13:44:17,426 p=105944 u=onizuka n=ansible INFO| {
    "ansible.builtin.runas": "Run As user",
    "ansible.builtin.su": "Substitute User",
    "ansible.builtin.sudo": "Substitute User DO"
}
2026-05-08 13:44:17,586 p=105901 u=onizuka n=ansiblelint._internal.rules WARNING| Ignored exception from RoleNames.matchyaml while processing roles/opencode/meta/main.yml (meta): 'NoneType' object has no attribute 'get'
2026-05-08 13:44:24,435 p=105983 u=onizuka n=ansible_compat.runtime WARNING| Skipped installing collection dependencies due to running in offline mode.
2026-05-08 13:44:24,900 p=106012 u=onizuka n=ansible WARNING| [WARNING]: provided hosts list is empty, only localhost is available. Note that
the implicit localhost does not match 'all'

2026-05-08 13:44:24,927 p=106012 u=onizuka n=ansible INFO| playbook: playbooks/uninstall_opencode.yml
2026-05-08 13:44:25,437 p=106016 u=onizuka n=ansible INFO| {
    "ansible.builtin.runas": "Run As user",
    "ansible.builtin.su": "Substitute User",
    "ansible.builtin.sudo": "Substitute User DO"
}
2026-05-08 13:44:25,680 p=105983 u=onizuka n=ansiblelint._internal.rules WARNING| Ignored exception from RoleNames.matchyaml while processing roles/opencode/meta/main.yml (meta): 'NoneType' object has no attribute 'get'
2026-05-08 13:44:28,145 p=106062 u=onizuka n=ansible_compat.runtime WARNING| Skipped installing collection dependencies due to running in offline mode.
2026-05-08 13:44:28,637 p=106090 u=onizuka n=ansible WARNING| [WARNING]: provided hosts list is empty, only localhost is available. Note that
the implicit localhost does not match 'all'

2026-05-08 13:44:28,662 p=106090 u=onizuka n=ansible INFO| playbook: playbooks/install_opencode.yml
2026-05-08 13:44:29,155 p=106094 u=onizuka n=ansible INFO| {
    "ansible.builtin.runas": "Run As user",
    "ansible.builtin.su": "Substitute User",
    "ansible.builtin.sudo": "Substitute User DO"
}
2026-05-08 13:44:29,249 p=106062 u=onizuka n=ansiblelint._internal.rules WARNING| Ignored exception from RoleNames.matchyaml while processing roles/opencode/meta/main.yml (meta): 'NoneType' object has no attribute 'get'
2026-05-08 13:44:29,763 p=106103 u=onizuka n=ansible_compat.runtime WARNING| Skipped installing collection dependencies due to running in offline mode.
2026-05-08 13:44:30,247 p=106145 u=onizuka n=ansible WARNING| [WARNING]: provided hosts list is empty, only localhost is available. Note that
the implicit localhost does not match 'all'

2026-05-08 13:44:30,273 p=106145 u=onizuka n=ansible INFO| playbook: playbooks/uninstall_opencode.yml
2026-05-08 13:44:30,761 p=106149 u=onizuka n=ansible INFO| {
    "ansible.builtin.runas": "Run As user",
    "ansible.builtin.su": "Substitute User",
    "ansible.builtin.sudo": "Substitute User DO"
}
2026-05-08 13:44:30,896 p=106103 u=onizuka n=ansiblelint._internal.rules WARNING| Ignored exception from RoleNames.matchyaml while processing roles/opencode/meta/main.yml (meta): 'NoneType' object has no attribute 'get'
2026-05-08 13:44:34,013 p=106172 u=onizuka n=ansible_compat.runtime WARNING| Skipped installing collection dependencies due to running in offline mode.
2026-05-08 13:44:41,029 p=106274 u=onizuka n=ansible_compat.runtime WARNING| Skipped installing collection dependencies due to running in offline mode.
2026-05-08 13:44:41,605 p=106302 u=onizuka n=ansible INFO| {
    "ansible.builtin.runas": "Run As user",
    "ansible.builtin.su": "Substitute User",
    "ansible.builtin.sudo": "Substitute User DO"
}
2026-05-08 13:44:47,182 p=106360 u=onizuka n=ansible_compat.runtime WARNING| Skipped installing collection dependencies due to running in offline mode.
2026-05-08 13:44:47,754 p=106400 u=onizuka n=ansible INFO| {
    "ansible.builtin.runas": "Run As user",
    "ansible.builtin.su": "Substitute User",
    "ansible.builtin.sudo": "Substitute User DO"
}
2026-05-08 13:55:17,255 p=111110 u=onizuka n=ansible_compat.runtime WARNING| Skipped installing collection dependencies due to running in offline mode.
2026-05-08 13:55:17,726 p=111150 u=onizuka n=ansible WARNING| [WARNING]: provided hosts list is empty, only localhost is available. Note that
the implicit localhost does not match 'all'

2026-05-08 13:55:17,750 p=111150 u=onizuka n=ansible INFO| playbook: playbooks/install_opencode.yml
2026-05-08 13:55:18,203 p=111160 u=onizuka n=ansible INFO| {
    "ansible.builtin.runas": "Run As user",
    "ansible.builtin.su": "Substitute User",
    "ansible.builtin.sudo": "Substitute User DO"
}
2026-05-08 13:55:18,240 p=111110 u=onizuka n=ansiblelint._internal.rules WARNING| Ignored exception from RoleNames.matchyaml while processing roles/opencode/meta/main.yml (meta): 'NoneType' object has no attribute 'get'
2026-05-08 15:19:11,652 p=133698 u=onizuka n=ansible_compat.runtime WARNING| Skipped installing collection dependencies due to running in offline mode.
2026-05-08 15:19:12,213 p=133762 u=onizuka n=ansible WARNING| [WARNING]: provided hosts list is empty, only localhost is available. Note that
the implicit localhost does not match 'all'

2026-05-08 15:19:12,240 p=133762 u=onizuka n=ansible INFO| playbook: playbooks/opencode/install_opencode.yml
2026-05-08 15:19:12,673 p=133774 u=onizuka n=ansible INFO| {
    "ansible.builtin.runas": "Run As user",
    "ansible.builtin.su": "Substitute User",
    "ansible.builtin.sudo": "Substitute User DO"
}
2026-05-08 15:19:36,685 p=134057 u=onizuka n=ansible_compat.runtime WARNING| Skipped installing collection dependencies due to running in offline mode.
2026-05-08 15:19:51,473 p=134196 u=onizuka n=ansible_compat.runtime WARNING| Skipped installing collection dependencies due to running in offline mode.
2026-05-08 15:19:52,052 p=134225 u=onizuka n=ansible INFO| {
    "ansible.builtin.runas": "Run As user",
    "ansible.builtin.su": "Substitute User",
    "ansible.builtin.sudo": "Substitute User DO"
}
2026-05-08 16:05:09,928 p=155268 u=onizuka n=ansible_compat.runtime WARNING| Skipped installing collection dependencies due to running in offline mode.
2026-05-08 16:09:24,040 p=157229 u=onizuka n=ansible_compat.runtime WARNING| Skipped installing collection dependencies due to running in offline mode.
2026-05-08 16:09:24,743 p=157268 u=onizuka n=ansible INFO| {
    "ansible.builtin.runas": "Run As user",
    "ansible.builtin.su": "Substitute User",
    "ansible.builtin.sudo": "Substitute User DO"
}
2026-05-08 16:09:31,920 p=157332 u=onizuka n=ansible_compat.runtime WARNING| Skipped installing collection dependencies due to running in offline mode.
2026-05-08 16:09:55,070 p=157526 u=onizuka n=ansible_compat.runtime WARNING| Skipped installing collection dependencies due to running in offline mode.
2026-05-08 16:12:24,259 p=158658 u=onizuka n=ansible_compat.runtime WARNING| Skipped installing collection dependencies due to running in offline mode.
2026-05-08 16:12:53,367 p=158919 u=onizuka n=ansible_compat.runtime WARNING| Skipped installing collection dependencies due to running in offline mode.
2026-05-08 16:14:58,456 p=159881 u=onizuka n=ansible_compat.runtime WARNING| Skipped installing collection dependencies due to running in offline mode.
2026-05-08 16:15:42,353 p=160270 u=onizuka n=ansible_compat.runtime WARNING| Skipped installing collection dependencies due to running in offline mode.
2026-05-08 16:17:24,510 p=161077 u=onizuka n=ansible_compat.runtime WARNING| Skipped installing collection dependencies due to running in offline mode.
2026-05-08 16:18:04,173 p=161413 u=onizuka n=ansible_compat.runtime WARNING| Skipped installing collection dependencies due to running in offline mode.
2026-05-08 16:18:04,782 p=161443 u=onizuka n=ansible INFO| {
    "ansible.builtin.runas": "Run As user",
    "ansible.builtin.su": "Substitute User",
    "ansible.builtin.sudo": "Substitute User DO"
}
2026-05-08 16:18:43,264 p=161779 u=onizuka n=ansible_compat.runtime WARNING| Skipped installing collection dependencies due to running in offline mode.
2026-05-08 16:18:43,877 p=161816 u=onizuka n=ansible INFO| {
    "ansible.builtin.runas": "Run As user",
    "ansible.builtin.su": "Substitute User",
    "ansible.builtin.sudo": "Substitute User DO"
}
2026-05-08 16:19:35,352 p=162227 u=onizuka n=ansible_compat.runtime WARNING| Skipped installing collection dependencies due to running in offline mode.
2026-05-08 16:19:37,021 p=162282 u=onizuka n=ansible_compat.runtime WARNING| Skipped installing collection dependencies due to running in offline mode.
2026-05-08 16:19:37,758 p=162314 u=onizuka n=ansible INFO| {
    "ansible.builtin.runas": "Run As user",
    "ansible.builtin.su": "Substitute User",
    "ansible.builtin.sudo": "Substitute User DO"
}
2026-05-08 16:19:51,923 p=162425 u=onizuka n=ansible_compat.runtime WARNING| Skipped installing collection dependencies due to running in offline mode.
2026-05-08 16:19:52,544 p=162479 u=onizuka n=ansible INFO| {
    "ansible.builtin.runas": "Run As user",
    "ansible.builtin.su": "Substitute User",
    "ansible.builtin.sudo": "Substitute User DO"
}
2026-05-08 16:21:02,146 p=162966 u=onizuka n=ansible_compat.runtime WARNING| Skipped installing collection dependencies due to running in offline mode.
2026-05-08 16:21:02,776 p=162995 u=onizuka n=ansible INFO| {
    "ansible.builtin.runas": "Run As user",
    "ansible.builtin.su": "Substitute User",
    "ansible.builtin.sudo": "Substitute User DO"
}
2026-05-08 16:22:22,049 p=163708 u=onizuka n=ansible_compat.runtime WARNING| Skipped installing collection dependencies due to running in offline mode.
2026-05-08 16:22:22,704 p=163748 u=onizuka n=ansible INFO| {
    "ansible.builtin.runas": "Run As user",
    "ansible.builtin.su": "Substitute User",
    "ansible.builtin.sudo": "Substitute User DO"
}
2026-05-08 16:28:15,323 p=166375 u=onizuka n=ansible_compat.runtime WARNING| Skipped installing collection dependencies due to running in offline mode.
2026-05-08 16:28:15,955 p=166401 u=onizuka n=ansible INFO| {
    "ansible.builtin.runas": "Run As user",
    "ansible.builtin.su": "Substitute User",
    "ansible.builtin.sudo": "Substitute User DO"
}
2026-05-08 16:39:24,560 p=171390 u=onizuka n=ansible_compat.runtime WARNING| Skipped installing collection dependencies due to running in offline mode.
2026-05-08 16:39:25,129 p=171432 u=onizuka n=ansible INFO| {
    "ansible.builtin.runas": "Run As user",
    "ansible.builtin.su": "Substitute User",
    "ansible.builtin.sudo": "Substitute User DO"
}
2026-05-08 16:39:34,576 p=171511 u=onizuka n=ansible_compat.runtime WARNING| Skipped installing collection dependencies due to running in offline mode.
2026-05-08 16:39:35,336 p=171554 u=onizuka n=ansible INFO| {
    "ansible.builtin.runas": "Run As user",
    "ansible.builtin.su": "Substitute User",
    "ansible.builtin.sudo": "Substitute User DO"
}
2026-05-08 16:39:39,171 p=171577 u=onizuka n=ansible_compat.runtime WARNING| Skipped installing collection dependencies due to running in offline mode.
2026-05-08 16:39:52,770 p=171748 u=onizuka n=ansible_compat.runtime WARNING| Skipped installing collection dependencies due to running in offline mode.
2026-05-08 16:39:53,387 p=171782 u=onizuka n=ansible INFO| {
    "ansible.builtin.runas": "Run As user",
    "ansible.builtin.su": "Substitute User",
    "ansible.builtin.sudo": "Substitute User DO"
}
2026-05-08 16:40:08,282 p=171880 u=onizuka n=ansible_compat.runtime WARNING| Skipped installing collection dependencies due to running in offline mode.
2026-05-08 16:40:08,917 p=171909 u=onizuka n=ansible INFO| {
    "ansible.builtin.runas": "Run As user",
    "ansible.builtin.su": "Substitute User",
    "ansible.builtin.sudo": "Substitute User DO"
}
2026-05-08 16:43:05,579 p=173276 u=onizuka n=ansible_compat.runtime WARNING| Skipped installing collection dependencies due to running in offline mode.
2026-05-08 16:43:07,193 p=173322 u=onizuka n=ansible_compat.runtime WARNING| Skipped installing collection dependencies due to running in offline mode.
2026-05-08 16:46:43,854 p=174992 u=onizuka n=ansible_compat.runtime WARNING| Skipped installing collection dependencies due to running in offline mode.
2026-05-08 16:48:10,067 p=175649 u=onizuka n=ansible_compat.runtime WARNING| Skipped installing collection dependencies due to running in offline mode.
2026-05-08 17:32:03,008 p=195824 u=onizuka n=ansible_compat.runtime WARNING| Skipped installing collection dependencies due to running in offline mode.
2026-05-08 17:32:08,821 p=195911 u=onizuka n=ansible_compat.runtime WARNING| Skipped installing collection dependencies due to running in offline mode.
2026-05-08 17:32:41,779 p=196185 u=onizuka n=ansible_compat.runtime WARNING| Skipped installing collection dependencies due to running in offline mode.
2026-05-08 17:32:42,393 p=196225 u=onizuka n=ansible INFO| {
    "ansible.builtin.runas": "Run As user",
    "ansible.builtin.su": "Substitute User",
    "ansible.builtin.sudo": "Substitute User DO"
}
2026-05-08 17:32:49,386 p=196289 u=onizuka n=ansible_compat.runtime WARNING| Skipped installing collection dependencies due to running in offline mode.
2026-05-08 17:32:49,944 p=196313 u=onizuka n=ansible INFO| {
    "ansible.builtin.runas": "Run As user",
    "ansible.builtin.su": "Substitute User",
    "ansible.builtin.sudo": "Substitute User DO"
}
2026-05-08 17:33:58,275 p=196832 u=onizuka n=ansible_compat.runtime WARNING| Skipped installing collection dependencies due to running in offline mode.
2026-05-08 17:33:58,821 p=196871 u=onizuka n=ansible INFO| {
    "ansible.builtin.runas": "Run As user",
    "ansible.builtin.su": "Substitute User",
    "ansible.builtin.sudo": "Substitute User DO"
}
2026-05-08 17:34:00,357 p=196899 u=onizuka n=ansible_compat.runtime WARNING| Skipped installing collection dependencies due to running in offline mode.
2026-05-08 17:34:00,890 p=196934 u=onizuka n=ansible INFO| {
    "ansible.builtin.runas": "Run As user",
    "ansible.builtin.su": "Substitute User",
    "ansible.builtin.sudo": "Substitute User DO"
}
2026-05-08 17:35:47,912 p=197751 u=onizuka n=ansible_compat.runtime WARNING| Skipped installing collection dependencies due to running in offline mode.
2026-05-08 17:35:48,441 p=197791 u=onizuka n=ansible INFO| {
    "ansible.builtin.runas": "Run As user",
    "ansible.builtin.su": "Substitute User",
    "ansible.builtin.sudo": "Substitute User DO"
}
2026-05-08 17:35:49,889 p=197805 u=onizuka n=ansible_compat.runtime WARNING| Skipped installing collection dependencies due to running in offline mode.
2026-05-08 17:35:50,467 p=197845 u=onizuka n=ansible INFO| {
    "ansible.builtin.runas": "Run As user",
    "ansible.builtin.su": "Substitute User",
    "ansible.builtin.sudo": "Substitute User DO"
}
2026-05-08 17:35:53,676 p=197881 u=onizuka n=ansible_compat.runtime WARNING| Skipped installing collection dependencies due to running in offline mode.
2026-05-08 17:35:54,212 p=197921 u=onizuka n=ansible INFO| {
    "ansible.builtin.runas": "Run As user",
    "ansible.builtin.su": "Substitute User",
    "ansible.builtin.sudo": "Substitute User DO"
}
2026-05-08 17:35:54,950 p=197926 u=onizuka n=ansible_compat.runtime WARNING| Skipped installing collection dependencies due to running in offline mode.
2026-05-08 17:35:55,484 p=197950 u=onizuka n=ansible INFO| {
    "ansible.builtin.runas": "Run As user",
    "ansible.builtin.su": "Substitute User",
    "ansible.builtin.sudo": "Substitute User DO"
}
2026-05-08 17:36:41,454 p=198299 u=onizuka n=ansible_compat.runtime WARNING| Skipped installing collection dependencies due to running in offline mode.
2026-05-08 17:36:41,983 p=198327 u=onizuka n=ansible INFO| {
    "ansible.builtin.runas": "Run As user",
    "ansible.builtin.su": "Substitute User",
    "ansible.builtin.sudo": "Substitute User DO"
}
2026-05-08 17:36:42,810 p=198349 u=onizuka n=ansible_compat.runtime WARNING| Skipped installing collection dependencies due to running in offline mode.
2026-05-08 17:36:43,340 p=198373 u=onizuka n=ansible INFO| {
    "ansible.builtin.runas": "Run As user",
    "ansible.builtin.su": "Substitute User",
    "ansible.builtin.sudo": "Substitute User DO"
}
2026-05-08 17:37:25,080 p=198701 u=onizuka n=ansible_compat.runtime WARNING| Skipped installing collection dependencies due to running in offline mode.
2026-05-08 17:37:25,624 p=198739 u=onizuka n=ansible WARNING| [WARNING]: provided hosts list is empty, only localhost is available. Note that
the implicit localhost does not match 'all'

2026-05-08 17:37:25,657 p=198739 u=onizuka n=ansible INFO| playbook: playbooks/docker/docker.yml
2026-05-08 17:37:26,049 p=198750 u=onizuka n=ansible INFO| {
    "ansible.builtin.runas": "Run As user",
    "ansible.builtin.su": "Substitute User",
    "ansible.builtin.sudo": "Substitute User DO"
}
2026-05-08 17:42:23,991 p=200948 u=onizuka n=ansible_compat.runtime WARNING| Skipped installing collection dependencies due to running in offline mode.
2026-05-08 17:42:24,433 p=200972 u=onizuka n=ansible WARNING| [WARNING]: provided hosts list is empty, only localhost is available. Note that
the implicit localhost does not match 'all'

2026-05-08 17:42:24,457 p=200972 u=onizuka n=ansible INFO| playbook: playbooks/docker/docker.yml
2026-05-08 17:42:24,835 p=200980 u=onizuka n=ansible INFO| {
    "ansible.builtin.runas": "Run As user",
    "ansible.builtin.su": "Substitute User",
    "ansible.builtin.sudo": "Substitute User DO"
}
2026-05-08 17:42:43,060 p=201126 u=onizuka n=ansible_compat.runtime WARNING| Skipped installing collection dependencies due to running in offline mode.
2026-05-08 17:42:43,561 p=201166 u=onizuka n=ansible WARNING| [WARNING]: provided hosts list is empty, only localhost is available. Note that
the implicit localhost does not match 'all'

2026-05-08 17:42:43,585 p=201166 u=onizuka n=ansible INFO| playbook: playbooks/docker/install_docker.yml
2026-05-08 17:42:43,932 p=201174 u=onizuka n=ansible INFO| {
    "ansible.builtin.runas": "Run As user",
    "ansible.builtin.su": "Substitute User",
    "ansible.builtin.sudo": "Substitute User DO"
}
2026-05-08 17:42:50,302 p=201214 u=onizuka n=ansible_compat.runtime WARNING| Skipped installing collection dependencies due to running in offline mode.
2026-05-08 17:42:50,740 p=201239 u=onizuka n=ansible WARNING| [WARNING]: provided hosts list is empty, only localhost is available. Note that
the implicit localhost does not match 'all'

2026-05-08 17:42:50,763 p=201239 u=onizuka n=ansible INFO| playbook: playbooks/docker/install_docker.yml
2026-05-08 17:42:51,111 p=201242 u=onizuka n=ansible INFO| {
    "ansible.builtin.runas": "Run As user",
    "ansible.builtin.su": "Substitute User",
    "ansible.builtin.sudo": "Substitute User DO"
}
2026-05-08 17:43:10,464 p=201392 u=onizuka n=ansible_compat.runtime WARNING| Skipped installing collection dependencies due to running in offline mode.
2026-05-08 17:43:10,922 p=201420 u=onizuka n=ansible WARNING| [WARNING]: provided hosts list is empty, only localhost is available. Note that
the implicit localhost does not match 'all'

2026-05-08 17:43:10,955 p=201420 u=onizuka n=ansible INFO| playbook: playbooks/docker/uninstall_docker.yml
2026-05-08 17:43:11,402 p=201431 u=onizuka n=ansible INFO| {
    "ansible.builtin.runas": "Run As user",
    "ansible.builtin.su": "Substitute User",
    "ansible.builtin.sudo": "Substitute User DO"
}
2026-05-08 17:47:53,981 p=203522 u=onizuka n=ansible_compat.runtime WARNING| Skipped installing collection dependencies due to running in offline mode.
2026-05-08 17:47:54,557 p=203560 u=onizuka n=ansible INFO| {
    "ansible.builtin.runas": "Run As user",
    "ansible.builtin.su": "Substitute User",
    "ansible.builtin.sudo": "Substitute User DO"
}
2026-05-08 17:48:24,694 p=203785 u=onizuka n=ansible_compat.runtime WARNING| Skipped installing collection dependencies due to running in offline mode.
2026-05-08 17:48:25,306 p=203820 u=onizuka n=ansible INFO| {
    "ansible.builtin.runas": "Run As user",
    "ansible.builtin.su": "Substitute User",
    "ansible.builtin.sudo": "Substitute User DO"
}
2026-05-08 17:58:06,480 p=208384 u=onizuka n=ansible_compat.runtime WARNING| Skipped installing collection dependencies due to running in offline mode.
2026-05-08 17:59:07,170 p=208887 u=onizuka n=ansible_compat.runtime WARNING| Skipped installing collection dependencies due to running in offline mode.
2026-05-08 17:59:21,840 p=209051 u=onizuka n=ansible_compat.runtime WARNING| Skipped installing collection dependencies due to running in offline mode.
2026-05-08 17:59:22,418 p=209081 u=onizuka n=ansible INFO| {
    "ansible.builtin.runas": "Run As user",
    "ansible.builtin.su": "Substitute User",
    "ansible.builtin.sudo": "Substitute User DO"
}
2026-05-08 17:59:38,832 p=209205 u=onizuka n=ansible_compat.runtime WARNING| Skipped installing collection dependencies due to running in offline mode.
2026-05-08 17:59:39,486 p=209241 u=onizuka n=ansible INFO| {
    "ansible.builtin.runas": "Run As user",
    "ansible.builtin.su": "Substitute User",
    "ansible.builtin.sudo": "Substitute User DO"
}
2026-05-08 18:05:51,745 p=211996 u=onizuka n=ansible_compat.runtime WARNING| Skipped installing collection dependencies due to running in offline mode.
2026-05-08 18:05:52,393 p=212023 u=onizuka n=ansible INFO| {
    "ansible.builtin.runas": "Run As user",
    "ansible.builtin.su": "Substitute User",
    "ansible.builtin.sudo": "Substitute User DO"
}
2026-05-08 18:07:24,596 p=212725 u=onizuka n=ansible_compat.runtime WARNING| Skipped installing collection dependencies due to running in offline mode.
2026-05-08 18:07:25,147 p=212753 u=onizuka n=ansible INFO| {
    "ansible.builtin.runas": "Run As user",
    "ansible.builtin.su": "Substitute User",
    "ansible.builtin.sudo": "Substitute User DO"
}
2026-05-08 18:07:26,398 p=212776 u=onizuka n=ansible_compat.runtime WARNING| Skipped installing collection dependencies due to running in offline mode.
2026-05-08 18:07:26,939 p=212801 u=onizuka n=ansible INFO| {
    "ansible.builtin.runas": "Run As user",
    "ansible.builtin.su": "Substitute User",
    "ansible.builtin.sudo": "Substitute User DO"
}
2026-05-08 18:12:49,500 p=215144 u=onizuka n=ansible_compat.runtime WARNING| Skipped installing collection dependencies due to running in offline mode.
2026-05-08 18:12:50,095 p=215172 u=onizuka n=ansible INFO| {
    "ansible.builtin.runas": "Run As user",
    "ansible.builtin.su": "Substitute User",
    "ansible.builtin.sudo": "Substitute User DO"
}
2026-05-08 18:12:51,335 p=215195 u=onizuka n=ansible_compat.runtime WARNING| Skipped installing collection dependencies due to running in offline mode.
2026-05-08 18:12:51,984 p=215219 u=onizuka n=ansible INFO| {
    "ansible.builtin.runas": "Run As user",
    "ansible.builtin.su": "Substitute User",
    "ansible.builtin.sudo": "Substitute User DO"
}
2026-05-08 18:14:40,712 p=216021 u=onizuka n=ansible_compat.runtime WARNING| Skipped installing collection dependencies due to running in offline mode.
2026-05-08 18:14:41,354 p=216045 u=onizuka n=ansible INFO| {
    "ansible.builtin.runas": "Run As user",
    "ansible.builtin.su": "Substitute User",
    "ansible.builtin.sudo": "Substitute User DO"
}
2026-05-08 18:16:03,835 p=216698 u=onizuka n=ansible_compat.runtime WARNING| Skipped installing collection dependencies due to running in offline mode.
2026-05-08 18:17:02,351 p=217167 u=onizuka n=ansible_compat.runtime WARNING| Skipped installing collection dependencies due to running in offline mode.
2026-05-08 18:17:03,094 p=217209 u=onizuka n=ansible INFO| {
    "ansible.builtin.runas": "Run As user",
    "ansible.builtin.su": "Substitute User",
    "ansible.builtin.sudo": "Substitute User DO"
}
2026-05-08 18:24:18,710 p=220411 u=onizuka n=ansible_compat.runtime WARNING| Skipped installing collection dependencies due to running in offline mode.
2026-05-08 18:24:19,754 p=220444 u=onizuka n=ansible_compat.runtime WARNING| Skipped installing collection dependencies due to running in offline mode.
2026-05-08 18:26:55,326 p=221658 u=onizuka n=ansible_compat.runtime WARNING| Skipped installing collection dependencies due to running in offline mode.
2026-05-08 18:26:55,999 p=221684 u=onizuka n=ansible INFO| {
    "ansible.builtin.runas": "Run As user",
    "ansible.builtin.su": "Substitute User",
    "ansible.builtin.sudo": "Substitute User DO"
}
2026-05-08 18:29:33,195 p=222848 u=onizuka n=ansible_compat.runtime WARNING| Skipped installing collection dependencies due to running in offline mode.
2026-05-08 18:29:33,877 p=222874 u=onizuka n=ansible INFO| {
    "ansible.builtin.runas": "Run As user",
    "ansible.builtin.su": "Substitute User",
    "ansible.builtin.sudo": "Substitute User DO"
}
2026-05-08 18:30:22,689 p=223255 u=onizuka n=ansible_compat.runtime WARNING| Skipped installing collection dependencies due to running in offline mode.
2026-05-08 18:30:23,295 p=223289 u=onizuka n=ansible INFO| {
    "ansible.builtin.runas": "Run As user",
    "ansible.builtin.su": "Substitute User",
    "ansible.builtin.sudo": "Substitute User DO"
}
2026-05-08 18:32:09,886 p=224083 u=onizuka n=ansible_compat.runtime WARNING| Skipped installing collection dependencies due to running in offline mode.
2026-05-08 18:33:13,128 p=224589 u=onizuka n=ansible_compat.runtime WARNING| Skipped installing collection dependencies due to running in offline mode.
2026-05-08 18:33:13,691 p=224613 u=onizuka n=ansible INFO| {
    "ansible.builtin.runas": "Run As user",
    "ansible.builtin.su": "Substitute User",
    "ansible.builtin.sudo": "Substitute User DO"
}
2026-05-08 18:33:20,050 p=224691 u=onizuka n=ansible_compat.runtime WARNING| Skipped installing collection dependencies due to running in offline mode.
2026-05-08 18:33:20,640 p=224727 u=onizuka n=ansible INFO| {
    "ansible.builtin.runas": "Run As user",
    "ansible.builtin.su": "Substitute User",
    "ansible.builtin.sudo": "Substitute User DO"
}
2026-05-08 18:40:09,903 p=227715 u=onizuka n=ansible_compat.runtime WARNING| Skipped installing collection dependencies due to running in offline mode.
2026-05-08 18:42:41,954 p=228864 u=onizuka n=ansible_compat.runtime WARNING| Skipped installing collection dependencies due to running in offline mode.
2026-05-08 18:42:42,497 p=228905 u=onizuka n=ansible INFO| {
    "ansible.builtin.runas": "Run As user",
    "ansible.builtin.su": "Substitute User",
    "ansible.builtin.sudo": "Substitute User DO"
}
2026-05-08 18:45:17,822 p=230043 u=onizuka n=ansible_compat.runtime WARNING| Skipped installing collection dependencies due to running in offline mode.
2026-05-08 18:45:18,448 p=230067 u=onizuka n=ansible INFO| {
    "ansible.builtin.runas": "Run As user",
    "ansible.builtin.su": "Substitute User",
    "ansible.builtin.sudo": "Substitute User DO"
}
2026-05-08 18:49:45,121 p=232049 u=onizuka n=ansible_compat.runtime WARNING| Skipped installing collection dependencies due to running in offline mode.
2026-05-08 18:49:45,733 p=232073 u=onizuka n=ansible INFO| {
    "ansible.builtin.runas": "Run As user",
    "ansible.builtin.su": "Substitute User",
    "ansible.builtin.sudo": "Substitute User DO"
}
2026-05-08 19:35:35,440 p=253954 u=onizuka n=ansible_compat.runtime WARNING| Skipped installing collection dependencies due to running in offline mode.
2026-05-08 19:35:36,108 p=253993 u=onizuka n=ansible WARNING| [WARNING]: provided hosts list is empty, only localhost is available. Note that
the implicit localhost does not match 'all'

2026-05-08 19:35:36,193 p=253993 u=onizuka n=ansible INFO| playbook: playbooks/docker/install_docker.yml
2026-05-08 19:35:36,690 p=254018 u=onizuka n=ansible INFO| {
    "ansible.builtin.runas": "Run As user",
    "ansible.builtin.su": "Substitute User",
    "ansible.builtin.sudo": "Substitute User DO"
}
2026-05-08 19:35:36,726 p=253954 u=onizuka n=ansiblelint._internal.rules WARNING| Ignored exception from RoleNames.matchyaml while processing roles/docker_ce/meta/main.yml (meta): 'NoneType' object has no attribute 'get'
2026-05-08 19:35:49,760 p=254112 u=onizuka n=ansible_compat.runtime WARNING| Skipped installing collection dependencies due to running in offline mode.
2026-05-08 19:35:50,269 p=254151 u=onizuka n=ansible WARNING| [WARNING]: provided hosts list is empty, only localhost is available. Note that
the implicit localhost does not match 'all'

2026-05-08 19:35:50,350 p=254151 u=onizuka n=ansible INFO| playbook: playbooks/docker/uninstall_docker.yml
2026-05-08 19:35:50,860 p=254161 u=onizuka n=ansible INFO| {
    "ansible.builtin.runas": "Run As user",
    "ansible.builtin.su": "Substitute User",
    "ansible.builtin.sudo": "Substitute User DO"
}
2026-05-08 19:35:51,288 p=254112 u=onizuka n=ansiblelint._internal.rules WARNING| Ignored exception from RoleNames.matchyaml while processing roles/docker_ce/meta/main.yml (meta): 'NoneType' object has no attribute 'get'
2026-05-08 19:43:26,077 p=257615 u=onizuka n=ansible_compat.runtime WARNING| Skipped installing collection dependencies due to running in offline mode.
2026-05-08 19:43:29,828 p=257696 u=onizuka n=ansible_compat.runtime WARNING| Skipped installing collection dependencies due to running in offline mode.
2026-05-08 19:44:14,459 p=258028 u=onizuka n=ansible_compat.runtime WARNING| Skipped installing collection dependencies due to running in offline mode.
2026-05-08 19:44:27,320 p=258180 u=onizuka n=ansible_compat.runtime WARNING| Skipped installing collection dependencies due to running in offline mode.
2026-05-08 19:44:28,083 p=258208 u=onizuka n=ansible INFO| {
    "ansible.builtin.runas": "Run As user",
    "ansible.builtin.su": "Substitute User",
    "ansible.builtin.sudo": "Substitute User DO"
}
2026-05-08 19:51:19,790 p=261319 u=onizuka n=ansible_compat.runtime WARNING| Skipped installing collection dependencies due to running in offline mode.
2026-05-08 19:51:20,533 p=261372 u=onizuka n=ansible INFO| {
    "ansible.builtin.runas": "Run As user",
    "ansible.builtin.su": "Substitute User",
    "ansible.builtin.sudo": "Substitute User DO"
}
2026-05-08 19:51:43,535 p=261547 u=onizuka n=ansible_compat.runtime WARNING| Skipped installing collection dependencies due to running in offline mode.
2026-05-08 19:51:44,175 p=261571 u=onizuka n=ansible INFO| {
    "ansible.builtin.runas": "Run As user",
    "ansible.builtin.su": "Substitute User",
    "ansible.builtin.sudo": "Substitute User DO"
}
2026-05-08 19:57:27,831 p=264193 u=onizuka n=ansible_compat.runtime WARNING| Skipped installing collection dependencies due to running in offline mode.
2026-05-08 19:58:36,300 p=264740 u=onizuka n=ansible_compat.runtime WARNING| Skipped installing collection dependencies due to running in offline mode.
2026-05-08 19:58:36,978 p=264775 u=onizuka n=ansible INFO| {
    "ansible.builtin.runas": "Run As user",
    "ansible.builtin.su": "Substitute User",
    "ansible.builtin.sudo": "Substitute User DO"
}
2026-05-08 19:59:29,034 p=265241 u=onizuka n=ansible_compat.runtime WARNING| Skipped installing collection dependencies due to running in offline mode.
2026-05-08 19:59:29,736 p=265272 u=onizuka n=ansible INFO| {
    "ansible.builtin.runas": "Run As user",
    "ansible.builtin.su": "Substitute User",
    "ansible.builtin.sudo": "Substitute User DO"
}
2026-05-08 19:59:49,349 p=265425 u=onizuka n=ansible_compat.runtime WARNING| Skipped installing collection dependencies due to running in offline mode.
2026-05-08 19:59:50,036 p=265450 u=onizuka n=ansible INFO| {
    "ansible.builtin.runas": "Run As user",
    "ansible.builtin.su": "Substitute User",
    "ansible.builtin.sudo": "Substitute User DO"
}
2026-05-08 20:01:01,234 p=265978 u=onizuka n=ansible_compat.runtime WARNING| Skipped installing collection dependencies due to running in offline mode.
2026-05-08 20:01:01,873 p=266016 u=onizuka n=ansible INFO| {
    "ansible.builtin.runas": "Run As user",
    "ansible.builtin.su": "Substitute User",
    "ansible.builtin.sudo": "Substitute User DO"
}
2026-05-08 20:01:46,099 p=266364 u=onizuka n=ansible_compat.runtime WARNING| Skipped installing collection dependencies due to running in offline mode.
2026-05-08 20:01:46,768 p=266400 u=onizuka n=ansible INFO| {
    "ansible.builtin.runas": "Run As user",
    "ansible.builtin.su": "Substitute User",
    "ansible.builtin.sudo": "Substitute User DO"
}
2026-05-08 20:03:31,138 p=267152 u=onizuka n=ansible_compat.runtime WARNING| Skipped installing collection dependencies due to running in offline mode.
2026-05-08 20:03:31,773 p=267187 u=onizuka n=ansible INFO| {
    "ansible.builtin.runas": "Run As user",
    "ansible.builtin.su": "Substitute User",
    "ansible.builtin.sudo": "Substitute User DO"
}
2026-05-08 20:04:57,775 p=267806 u=onizuka n=ansible_compat.runtime WARNING| Skipped installing collection dependencies due to running in offline mode.
2026-05-08 20:04:58,477 p=267841 u=onizuka n=ansible INFO| {
    "ansible.builtin.runas": "Run As user",
    "ansible.builtin.su": "Substitute User",
    "ansible.builtin.sudo": "Substitute User DO"
}
2026-05-08 21:03:00,550 p=293632 u=onizuka n=ansible_compat.runtime WARNING| Skipped installing collection dependencies due to running in offline mode.
2026-05-08 21:03:21,876 p=293819 u=onizuka n=ansible_compat.runtime WARNING| Skipped installing collection dependencies due to running in offline mode.
2026-05-08 21:03:22,457 p=293859 u=onizuka n=ansible INFO| {
    "ansible.builtin.runas": "Run As user",
    "ansible.builtin.su": "Substitute User",
    "ansible.builtin.sudo": "Substitute User DO"
}
2026-05-08 21:10:50,921 p=297198 u=onizuka n=ansible_compat.runtime WARNING| Skipped installing collection dependencies due to running in offline mode.
2026-05-08 21:22:26,822 p=302456 u=onizuka n=ansible_compat.runtime WARNING| Skipped installing collection dependencies due to running in offline mode.
2026-05-08 21:25:11,219 p=303706 u=onizuka n=ansible_compat.runtime WARNING| Skipped installing collection dependencies due to running in offline mode.
2026-05-08 21:33:47,185 p=307606 u=onizuka n=ansible_compat.runtime WARNING| Skipped installing collection dependencies due to running in offline mode.
2026-05-08 21:49:30,832 p=314611 u=onizuka n=ansible_compat.runtime WARNING| Skipped installing collection dependencies due to running in offline mode.
2026-05-08 21:49:31,422 p=314662 u=onizuka n=ansible INFO| {
    "ansible.builtin.runas": "Run As user",
    "ansible.builtin.su": "Substitute User",
    "ansible.builtin.sudo": "Substitute User DO"
}
2026-05-08 21:51:31,867 p=315553 u=onizuka n=ansible_compat.runtime WARNING| Skipped installing collection dependencies due to running in offline mode.
2026-05-08 21:51:32,499 p=315587 u=onizuka n=ansible INFO| {
    "ansible.builtin.runas": "Run As user",
    "ansible.builtin.su": "Substitute User",
    "ansible.builtin.sudo": "Substitute User DO"
}
2026-05-08 21:51:43,141 p=315666 u=onizuka n=ansible_compat.runtime WARNING| Skipped installing collection dependencies due to running in offline mode.
2026-05-08 21:51:43,694 p=315700 u=onizuka n=ansible INFO| {
    "ansible.builtin.runas": "Run As user",
    "ansible.builtin.su": "Substitute User",
    "ansible.builtin.sudo": "Substitute User DO"
}
2026-05-08 21:53:30,987 p=316518 u=onizuka n=ansible_compat.runtime WARNING| Skipped installing collection dependencies due to running in offline mode.
2026-05-08 21:53:37,888 p=316613 u=onizuka n=ansible_compat.runtime WARNING| Skipped installing collection dependencies due to running in offline mode.
2026-05-08 21:53:38,531 p=316651 u=onizuka n=ansible INFO| {
    "ansible.builtin.runas": "Run As user",
    "ansible.builtin.su": "Substitute User",
    "ansible.builtin.sudo": "Substitute User DO"
}
2026-05-08 21:53:43,961 p=316698 u=onizuka n=ansible_compat.runtime WARNING| Skipped installing collection dependencies due to running in offline mode.
2026-05-08 21:53:44,618 p=316726 u=onizuka n=ansible INFO| {
    "ansible.builtin.runas": "Run As user",
    "ansible.builtin.su": "Substitute User",
    "ansible.builtin.sudo": "Substitute User DO"
}
2026-05-08 21:54:22,101 p=317004 u=onizuka n=ansible_compat.runtime WARNING| Skipped installing collection dependencies due to running in offline mode.
2026-05-08 21:54:22,825 p=317028 u=onizuka n=ansible INFO| {
    "ansible.builtin.runas": "Run As user",
    "ansible.builtin.su": "Substitute User",
    "ansible.builtin.sudo": "Substitute User DO"
}
2026-05-08 21:58:42,104 p=318989 u=onizuka n=ansible_compat.runtime WARNING| Skipped installing collection dependencies due to running in offline mode.
2026-05-08 21:58:42,807 p=319015 u=onizuka n=ansible INFO| {
    "ansible.builtin.runas": "Run As user",
    "ansible.builtin.su": "Substitute User",
    "ansible.builtin.sudo": "Substitute User DO"
}
2026-05-08 21:58:43,335 p=319018 u=onizuka n=ansible_compat.runtime WARNING| Skipped installing collection dependencies due to running in offline mode.
2026-05-08 21:58:44,041 p=319062 u=onizuka n=ansible INFO| {
    "ansible.builtin.runas": "Run As user",
    "ansible.builtin.su": "Substitute User",
    "ansible.builtin.sudo": "Substitute User DO"
}
2026-05-08 22:00:55,990 p=320067 u=onizuka n=ansible_compat.runtime WARNING| Skipped installing collection dependencies due to running in offline mode.
2026-05-08 22:03:16,910 p=321148 u=onizuka n=ansible_compat.runtime WARNING| Skipped installing collection dependencies due to running in offline mode.
2026-05-08 22:03:17,517 p=321176 u=onizuka n=ansible INFO| {
    "ansible.builtin.runas": "Run As user",
    "ansible.builtin.su": "Substitute User",
    "ansible.builtin.sudo": "Substitute User DO"
}
2026-05-08 22:03:42,573 p=321383 u=onizuka n=ansible_compat.runtime WARNING| Skipped installing collection dependencies due to running in offline mode.
2026-05-08 22:03:43,230 p=321418 u=onizuka n=ansible INFO| {
    "ansible.builtin.runas": "Run As user",
    "ansible.builtin.su": "Substitute User",
    "ansible.builtin.sudo": "Substitute User DO"
}
2026-05-08 22:06:33,804 p=322707 u=onizuka n=ansible_compat.runtime WARNING| Skipped installing collection dependencies due to running in offline mode.
2026-05-08 22:06:34,469 p=322742 u=onizuka n=ansible INFO| {
    "ansible.builtin.runas": "Run As user",
    "ansible.builtin.su": "Substitute User",
    "ansible.builtin.sudo": "Substitute User DO"
}
2026-05-08 22:10:02,497 p=324358 u=onizuka n=ansible_compat.runtime WARNING| Skipped installing collection dependencies due to running in offline mode.
2026-05-08 22:17:33,752 p=327736 u=onizuka n=ansible_compat.runtime WARNING| Skipped installing collection dependencies due to running in offline mode.
2026-05-08 22:17:41,016 p=327823 u=onizuka n=ansible_compat.runtime WARNING| Skipped installing collection dependencies due to running in offline mode.
2026-05-08 22:17:41,634 p=327852 u=onizuka n=ansible INFO| {
    "ansible.builtin.runas": "Run As user",
    "ansible.builtin.su": "Substitute User",
    "ansible.builtin.sudo": "Substitute User DO"
}
2026-05-08 22:17:47,231 p=327910 u=onizuka n=ansible_compat.runtime WARNING| Skipped installing collection dependencies due to running in offline mode.
2026-05-08 22:17:47,831 p=327934 u=onizuka n=ansible INFO| {
    "ansible.builtin.runas": "Run As user",
    "ansible.builtin.su": "Substitute User",
    "ansible.builtin.sudo": "Substitute User DO"
}
2026-05-08 22:17:53,253 p=327999 u=onizuka n=ansible_compat.runtime WARNING| Skipped installing collection dependencies due to running in offline mode.
2026-05-08 22:17:53,878 p=328027 u=onizuka n=ansible INFO| {
    "ansible.builtin.runas": "Run As user",
    "ansible.builtin.su": "Substitute User",
    "ansible.builtin.sudo": "Substitute User DO"
}
2026-05-08 22:20:16,180 p=329079 u=onizuka n=ansible_compat.runtime WARNING| Skipped installing collection dependencies due to running in offline mode.
2026-05-08 22:20:16,794 p=329133 u=onizuka n=ansible INFO| {
    "ansible.builtin.runas": "Run As user",
    "ansible.builtin.su": "Substitute User",
    "ansible.builtin.sudo": "Substitute User DO"
}
2026-05-08 22:20:21,222 p=329170 u=onizuka n=ansible_compat.runtime WARNING| Skipped installing collection dependencies due to running in offline mode.
2026-05-08 22:20:21,817 p=329194 u=onizuka n=ansible INFO| {
    "ansible.builtin.runas": "Run As user",
    "ansible.builtin.su": "Substitute User",
    "ansible.builtin.sudo": "Substitute User DO"
}
2026-05-08 22:25:32,193 p=331525 u=onizuka n=ansible_compat.runtime WARNING| Skipped installing collection dependencies due to running in offline mode.
2026-05-08 22:25:32,945 p=331560 u=onizuka n=ansible INFO| {
    "ansible.builtin.runas": "Run As user",
    "ansible.builtin.su": "Substitute User",
    "ansible.builtin.sudo": "Substitute User DO"
}
2026-05-08 22:29:25,034 p=333281 u=onizuka n=ansible_compat.runtime WARNING| Skipped installing collection dependencies due to running in offline mode.
2026-05-08 22:30:13,636 p=333688 u=onizuka n=ansible_compat.runtime WARNING| Skipped installing collection dependencies due to running in offline mode.
2026-05-08 22:34:31,524 p=335685 u=onizuka n=ansible_compat.runtime WARNING| Skipped installing collection dependencies due to running in offline mode.
2026-05-08 22:34:32,179 p=335722 u=onizuka n=ansible INFO| {
    "ansible.builtin.runas": "Run As user",
    "ansible.builtin.su": "Substitute User",
    "ansible.builtin.sudo": "Substitute User DO"
}
